0	AATTCCGGAATTCCGG DNA
2	UAGACAUGGAUU RNA
4	AATTCCGGAATTCCGG DNA
No sequence to remove at specified position
0	AATTCCGGAATTCCGG DNA
2	UAGACAUGGAUU RNA
AATTCCGGAATTCCGG DNA
UAGACAUGGAUU RNA
No sequence to print at specified position
AATTCCGG DNA
End index is out of bounds
Start index is out of bounds
End index is out of bounds
0	AATTCCGG DNA
1	TACAGACAT DNA
2	UAGACAUGGAUU RNA
No sequence to copy at specified position
0	AATTCCGG DNA
1	AATTCCGG DNA
2	UAGACAUGGAUU RNA
Cannot transcribe RNA
No sequence to transcribe at specified position
CCGGAAUU RNA
